$ vite build
[36mvite v7.2.2 [32mbuilding client environment for production...[36m[39m
transforming...
[32m✓[39m 20 modules transformed.
[31m✗[39m Build failed in 305ms
[31merror during build:
[31m[vite]: Rollup failed to resolve import "lucide-react" from "D:/porto/SPA/Bayu/components/Contact.tsx".
This is most likely unintended because it can break your application at runtime.
If you do want to externalize this module explicitly add it to
`build.rollupOptions.external`[31m
    at viteLog (file:///D:/porto/SPA/Bayu/node_modules/vite/dist/node/chunks/config.js:34254:57)
    at file:///D:/porto/SPA/Bayu/node_modules/vite/dist/node/chunks/config.js:34288:73
    at onwarn (file:///D:/porto/SPA/Bayu/node_modules/@vitejs/plugin-react/dist/index.js:76:7)
    at file:///D:/porto/SPA/Bayu/node_modules/vite/dist/node/chunks/config.js:34288:28
    at onRollupLog (file:///D:/porto/SPA/Bayu/node_modules/vite/dist/node/chunks/config.js:34283:63)
    at onLog (file:///D:/porto/SPA/Bayu/node_modules/vite/dist/node/chunks/config.js:34086:4)
    at file:///D:/porto/SPA/Bayu/node_modules/rollup/dist/es/shared/node-entry.js:20961:32
    at Object.logger [as onLog] (file:///D:/porto/SPA/Bayu/node_modules/rollup/dist/es/shared/node-entry.js:22848:9)
    at ModuleLoader.handleInvalidResolvedId (file:///D:/porto/SPA/Bayu/node_modules/rollup/dist/es/shared/node-entry.js:21592:26)
    at file:///D:/porto/SPA/Bayu/node_modules/rollup/dist/es/shared/node-entry.js:21550:26[39m
error: script "build" exited with code 1
